[
    {
        "Pos": "1",
        "Team": "Rushden & Diamonds (C, P)",
        "Pld": "42",
        "HW": "14",
        "HD": "6",
        "HL": "1",
        "HGF": "41",
        "HGA": "13",
        "AW": "11",
        "AD": "5",
        "AL": "5",
        "AGF": "37",
        "AGA": "23",
        "GD": "+42",
        "Pts": "86",
        "Promotion or relegation": "Promoted to the 2001\u201302 League Division Three"
    },
    {
        "Pos": "2",
        "Team": "Yeovil Town",
        "Pld": "42",
        "HW": "14",
        "HD": "3",
        "HL": "4",
        "HGF": "41",
        "HGA": "17",
        "AW": "10",
        "AD": "5",
        "AL": "6",
        "AGF": "32",
        "AGA": "33",
        "GD": "+23",
        "Pts": "80",
        "Promotion or relegation": ""
    },
    {
        "Pos": "3",
        "Team": "Dagenham & Redbridge[a]",
        "Pld": "42",
        "HW": "13",
        "HD": "4",
        "HL": "4",
        "HGF": "39",
        "HGA": "19",
        "AW": "10",
        "AD": "4",
        "AL": "7",
        "AGF": "32",
        "AGA": "35",
        "GD": "+17",
        "Pts": "77",
        "Promotion or relegation": null
    },
    {
        "Pos": "4",
        "Team": "Southport",
        "Pld": "42",
        "HW": "9",
        "HD": "5",
        "HL": "7",
        "HGF": "33",
        "HGA": "24",
        "AW": "11",
        "AD": "4",
        "AL": "6",
        "AGF": "25",
        "AGA": "22",
        "GD": "+12",
        "Pts": "69",
        "Promotion or relegation": null
    },
    {
        "Pos": "5",
        "Team": "Leigh RMI[a]",
        "Pld": "42",
        "HW": "11",
        "HD": "5",
        "HL": "5",
        "HGF": "38",
        "HGA": "24",
        "AW": "8",
        "AD": "6",
        "AL": "7",
        "AGF": "25",
        "AGA": "33",
        "GD": "+6",
        "Pts": "68",
        "Promotion or relegation": null
    },
    {
        "Pos": "6",
        "Team": "Telford United",
        "Pld": "42",
        "HW": "13",
        "HD": "1",
        "HL": "7",
        "HGF": "33",
        "HGA": "23",
        "AW": "6",
        "AD": "7",
        "AL": "8",
        "AGF": "18",
        "AGA": "28",
        "GD": "0",
        "Pts": "65",
        "Promotion or relegation": null
    },
    {
        "Pos": "7",
        "Team": "Stevenage Borough",
        "Pld": "42",
        "HW": "8",
        "HD": "7",
        "HL": "6",
        "HGF": "36",
        "HGA": "33",
        "AW": "7",
        "AD": "11",
        "AL": "3",
        "AGF": "35",
        "AGA": "28",
        "GD": "+10",
        "Pts": "63",
        "Promotion or relegation": null
    },
    {
        "Pos": "8",
        "Team": "Chester City",
        "Pld": "42",
        "HW": "9",
        "HD": "8",
        "HL": "4",
        "HGF": "29",
        "HGA": "19",
        "AW": "7",
        "AD": "6",
        "AL": "8",
        "AGF": "20",
        "AGA": "24",
        "GD": "+6",
        "Pts": "62",
        "Promotion or relegation": null
    },
    {
        "Pos": "9",
        "Team": "Doncaster Rovers",
        "Pld": "42",
        "HW": "11",
        "HD": "5",
        "HL": "5",
        "HGF": "28",
        "HGA": "17",
        "AW": "4",
        "AD": "8",
        "AL": "9",
        "AGF": "19",
        "AGA": "26",
        "GD": "+4",
        "Pts": "58",
        "Promotion or relegation": null
    },
    {
        "Pos": "10",
        "Team": "Scarborough",
        "Pld": "42",
        "HW": "7",
        "HD": "9",
        "HL": "5",
        "HGF": "29",
        "HGA": "25",
        "AW": "7",
        "AD": "7",
        "AL": "7",
        "AGF": "27",
        "AGA": "29",
        "GD": "+2",
        "Pts": "58",
        "Promotion or relegation": null
    },
    {
        "Pos": "11",
        "Team": "Hereford United",
        "Pld": "42",
        "HW": "6",
        "HD": "12",
        "HL": "3",
        "HGF": "27",
        "HGA": "19",
        "AW": "8",
        "AD": "3",
        "AL": "10",
        "AGF": "33",
        "AGA": "27",
        "GD": "+14",
        "Pts": "57",
        "Promotion or relegation": null
    },
    {
        "Pos": "12",
        "Team": "Boston United[a]",
        "Pld": "42",
        "HW": "10",
        "HD": "7",
        "HL": "4",
        "HGF": "43",
        "HGA": "28",
        "AW": "3",
        "AD": "10",
        "AL": "8",
        "AGF": "31",
        "AGA": "35",
        "GD": "+11",
        "Pts": "56",
        "Promotion or relegation": null
    },
    {
        "Pos": "13",
        "Team": "Nuneaton Borough",
        "Pld": "42",
        "HW": "9",
        "HD": "5",
        "HL": "7",
        "HGF": "35",
        "HGA": "26",
        "AW": "4",
        "AD": "10",
        "AL": "7",
        "AGF": "25",
        "AGA": "34",
        "GD": "0",
        "Pts": "54",
        "Promotion or relegation": null
    },
    {
        "Pos": "14",
        "Team": "Woking",
        "Pld": "42",
        "HW": "5",
        "HD": "10",
        "HL": "6",
        "HGF": "30",
        "HGA": "30",
        "AW": "8",
        "AD": "5",
        "AL": "8",
        "AGF": "22",
        "AGA": "27",
        "GD": "\u22125",
        "Pts": "54",
        "Promotion or relegation": null
    },
    {
        "Pos": "15",
        "Team": "Dover Athletic",
        "Pld": "42",
        "HW": "9",
        "HD": "6",
        "HL": "6",
        "HGF": "32",
        "HGA": "22",
        "AW": "5",
        "AD": "5",
        "AL": "11",
        "AGF": "22",
        "AGA": "34",
        "GD": "\u22122",
        "Pts": "53",
        "Promotion or relegation": null
    },
    {
        "Pos": "16",
        "Team": "Forest Green Rovers",
        "Pld": "42",
        "HW": "6",
        "HD": "9",
        "HL": "6",
        "HGF": "28",
        "HGA": "28",
        "AW": "5",
        "AD": "6",
        "AL": "10",
        "AGF": "15",
        "AGA": "26",
        "GD": "\u221211",
        "Pts": "48",
        "Promotion or relegation": null
    },
    {
        "Pos": "17",
        "Team": "Northwich Victoria",
        "Pld": "42",
        "HW": "8",
        "HD": "7",
        "HL": "6",
        "HGF": "31",
        "HGA": "24",
        "AW": "3",
        "AD": "6",
        "AL": "12",
        "AGF": "18",
        "AGA": "43",
        "GD": "\u221218",
        "Pts": "46",
        "Promotion or relegation": null
    },
    {
        "Pos": "18",
        "Team": "Hayes",
        "Pld": "42",
        "HW": "5",
        "HD": "6",
        "HL": "10",
        "HGF": "22",
        "HGA": "31",
        "AW": "7",
        "AD": "4",
        "AL": "10",
        "AGF": "22",
        "AGA": "40",
        "GD": "\u221227",
        "Pts": "46",
        "Promotion or relegation": null
    },
    {
        "Pos": "19",
        "Team": "Morecambe",
        "Pld": "42",
        "HW": "8",
        "HD": "5",
        "HL": "8",
        "HGF": "35",
        "HGA": "29",
        "AW": "3",
        "AD": "7",
        "AL": "11",
        "AGF": "29",
        "AGA": "37",
        "GD": "\u22122",
        "Pts": "45",
        "Promotion or relegation": null
    },
    {
        "Pos": "20",
        "Team": "Kettering Town (R)",
        "Pld": "42",
        "HW": "5",
        "HD": "5",
        "HL": "11",
        "HGF": "23",
        "HGA": "31",
        "AW": "6",
        "AD": "5",
        "AL": "10",
        "AGF": "23",
        "AGA": "31",
        "GD": "\u221216",
        "Pts": "43",
        "Promotion or relegation": "Relegated to the Southern League"
    },
    {
        "Pos": "21",
        "Team": "Kingstonian (R)",
        "Pld": "42",
        "HW": "3",
        "HD": "5",
        "HL": "13",
        "HGF": "19",
        "HGA": "40",
        "AW": "5",
        "AD": "5",
        "AL": "11",
        "AGF": "28",
        "AGA": "33",
        "GD": "\u221226",
        "Pts": "34",
        "Promotion or relegation": "Relegated to the Isthmian League"
    },
    {
        "Pos": "22",
        "Team": "Hednesford Town (R)",
        "Pld": "42",
        "HW": "2",
        "HD": "6",
        "HL": "13",
        "HGF": "24",
        "HGA": "38",
        "AW": "3",
        "AD": "7",
        "AL": "11",
        "AGF": "22",
        "AGA": "48",
        "GD": "\u221240",
        "Pts": "28",
        "Promotion or relegation": "Relegated to the Southern League"
    }
]